CROP_INPUTS: {'N': 80, 'P': 48, 'K': 40, 'temperature': 23.0, 'humidity': 82.0, 'ph': 6.7, 'rainfall': 240.0}
CROP_OUTPUT: pred=rice, conf=0.99
CROP_INPUTS: {'N': 30, 'P': 48, 'K': 40, 'temperature': 23.0, 'humidity': 82.0, 'ph': 6.7, 'rainfall': 240.0}
CROP_OUTPUT: pred=rice, conf=0.99
CROP_INPUTS: {'N': 30, 'P': 48, 'K': 40, 'temperature': 23.0, 'humidity': 82.0, 'ph': 6.7, 'rainfall': 240.0}
CROP_OUTPUT: pred=rice, conf=0.99
CROP_INPUTS: {'N': 40, 'P': 48, 'K': 40, 'temperature': 23.0, 'humidity': 82.0, 'ph': 6.7, 'rainfall': 240.0}
CROP_OUTPUT: pred=rice, conf=0.99
CROP_INPUTS: {'N': 30, 'P': 48, 'K': 40, 'temperature': 23.0, 'humidity': 82.0, 'ph': 6.7, 'rainfall': 240.0}
CROP_OUTPUT: pred=rice, conf=0.99
CROP_INPUTS: {'N': 30, 'P': 50, 'K': 40, 'temperature': 23.0, 'humidity': 82.0, 'ph': 6.7, 'rainfall': 240.0}
CROP_OUTPUT: pred=rice, conf=0.99
CROP_INPUTS: {'N': 30, 'P': 50, 'K': 10, 'temperature': 23.0, 'humidity': 82.0, 'ph': 6.7, 'rainfall': 240.0}
CROP_OUTPUT: pred=rice, conf=0.99
CROP_INPUTS: {'N': 50, 'P': 30, 'K': 30, 'temperature': 23.0, 'humidity': 82.0, 'ph': 6.7, 'rainfall': 240.0}
CROP_OUTPUT: pred=rice, conf=0.6
CROP_INPUTS: {'N': 30, 'P': 30, 'K': 30, 'temperature': 23.0, 'humidity': 82.0, 'ph': 6.7, 'rainfall': 240.0}
CROP_OUTPUT: pred=papaya, conf=0.6
CROP_INPUTS: {'N': 5, 'P': 55, 'K': 55, 'temperature': 23.0, 'humidity': 82.0, 'ph': 6.7, 'rainfall': 240.0}
CROP_OUTPUT: pred=papaya, conf=1.0
CROP_INPUTS: {'N': 63, 'P': 55, 'K': 55, 'temperature': 23.0, 'humidity': 82.0, 'ph': 6.7, 'rainfall': 240.0}
CROP_OUTPUT: pred=rice, conf=0.8
CROP_INPUTS: {'N': 30, 'P': 30, 'K': 30, 'temperature': 23.0, 'humidity': 82.0, 'ph': 6.7, 'rainfall': 240.0}
CROP_OUTPUT: pred=papaya, conf=0.6
CROP_INPUTS: {'N': 30, 'P': 30, 'K': 30, 'temperature': 23.0, 'humidity': 49.0, 'ph': 6.7, 'rainfall': 240.0}
CROP_OUTPUT: pred=pigeonpeas, conf=0.4
CROP_INPUTS: {'N': 20, 'P': 20, 'K': 20, 'temperature': 24.5, 'humidity': 49.0, 'ph': 6.7, 'rainfall': 240.0}
CROP_OUTPUT: pred=pigeonpeas, conf=0.8
CROP_INPUTS: {'N': 20, 'P': 20, 'K': 20, 'temperature': 24.5, 'humidity': 49.0, 'ph': 6.7, 'rainfall': 240.0}
CROP_OUTPUT: pred=pigeonpeas, conf=0.8
CROP_INPUTS: {'N': 20, 'P': 20, 'K': 20, 'temperature': 24.5, 'humidity': 49.0, 'ph': 6.7, 'rainfall': 240.0}
CROP_OUTPUT: pred=maize, conf=0.48860000000000003
CROP_INPUTS: {'N': 80, 'P': 48, 'K': 40, 'temperature': 23.0, 'humidity': 82.0, 'ph': 6.7, 'rainfall': 240.0}
CROP_OUTPUT: pred=rice, conf=1.0
CROP_INPUTS: {'N': 80, 'P': 48, 'K': 40, 'temperature': 23.0, 'humidity': 82.0, 'ph': 6.7, 'rainfall': 240.0}
CROP_OUTPUT: pred=rice, conf=1.0
CROP_INPUTS: {'N': 80, 'P': 48, 'K': 40, 'temperature': 23.0, 'humidity': 82.0, 'ph': 6.7, 'rainfall': 240.0}
CROP_OUTPUT: pred=rice, conf=0.6416
CROP_INPUTS: {'N': 80, 'P': 48, 'K': 40, 'temperature': 24.0, 'humidity': 49.0, 'ph': 6.7, 'rainfall': 240.0}
CROP_OUTPUT: pred=maize, conf=0.5984
CROP_INPUTS: {'N': 80, 'P': 48, 'K': 40, 'temperature': 24.0, 'humidity': 49.0, 'ph': 6.7, 'rainfall': 240.0}
CROP_OUTPUT: pred=coffee, conf=1.0
CROP_INPUTS: {'N': 80, 'P': 48, 'K': 40, 'temperature': 24.0, 'humidity': 49.0, 'ph': 6.7, 'rainfall': 240.0}
CROP_OUTPUT: pred=coffee, conf=1.0
CROP_INPUTS: {'N': 80, 'P': 48, 'K': 40, 'temperature': 23.0, 'humidity': 82.0, 'ph': 6.7, 'rainfall': 240.0}
CROP_OUTPUT: pred=rice, conf=1.0
CROP_INPUTS: {'N': 80, 'P': 48, 'K': 40, 'temperature': 23.0, 'humidity': 82.0, 'ph': 6.7, 'rainfall': 240.0}
CROP_OUTPUT: pred=rice, conf=1.0
CROP_INPUTS: {'N': 80, 'P': 48, 'K': 40, 'temperature': 23.0, 'humidity': 82.0, 'ph': 6.7, 'rainfall': 240.0}
CROP_OUTPUT: pred=rice, conf=1.0
CROP_INPUTS: {'N': 40, 'P': 48, 'K': 40, 'temperature': 23.0, 'humidity': 82.0, 'ph': 6.7, 'rainfall': 240.0}
CROP_OUTPUT: pred=papaya, conf=0.6
CROP_INPUTS: {'N': 40, 'P': 48, 'K': 40, 'temperature': 23.0, 'humidity': 82.0, 'ph': 6.7, 'rainfall': 240.0}
CROP_OUTPUT: pred=maize, conf=0.5696
CROP_INPUTS: {'N': 80, 'P': 48, 'K': 40, 'temperature': 23.0, 'humidity': 82.0, 'ph': 6.7, 'rainfall': 240.0}
CROP_OUTPUT: pred=rice, conf=1.0
CROP_INPUTS: {'N': 30, 'P': 48, 'K': 40, 'temperature': 23.0, 'humidity': 82.0, 'ph': 6.7, 'rainfall': 240.0}
CROP_OUTPUT: pred=papaya, conf=0.8
CROP_INPUTS: {'N': 30, 'P': 48, 'K': 40, 'temperature': 23.0, 'humidity': 82.0, 'ph': 6.7, 'rainfall': 240.0}
CROP_OUTPUT: pred=maize, conf=0.5516
GEMINI_PROMPT: when should i irrigate rice?
